// Jest Snapshot v1, https://goo.gl/fbAQLP

exports[`index.js adds 1 + 2 to equal 3 1`] = `3`;
